---
source: backend_llvm/src/ir_to_llvm.rs
expression: llvm_ir
---
; ModuleID = 'test'
source_filename = "test"

define i64 @test(i64 %x) {
bb0:
  %gt_2 = icmp sgt i64 %x, 0
  br i1 %gt_2, label %bb2, label %bb3

bb2:                                              ; preds = %bb0
  ret i64 1

bb3:                                              ; preds = %bb0
  %lt_8 = icmp slt i64 %x, 0
  br i1 %lt_8, label %bb4, label %bb5

bb4:                                              ; preds = %bb3
  ret i64 -1

bb5:                                              ; preds = %bb3
  ret i64 0

bb1:                                              ; No predecessors!
  unreachable
}
