---
source: backend_llvm/src/ir_to_llvm.rs
expression: llvm_ir
---
; ModuleID = 'test'
source_filename = "test"

define i64 @test(i1 %x) {
bb0:
  br i1 %x, label %bb2, label %bb3

bb2:                                              ; preds = %bb0
  ret i64 1

bb3:                                              ; preds = %bb0
  ret i64 0

bb1:                                              ; No predecessors!
  unreachable
}
