---
source: backend_llvm/src/ir_to_llvm.rs
expression: llvm_ir
---
; ModuleID = 'test'
source_filename = "test"

define i64 @test(i64 %x, i64 %y) {
entry:
  %gt_2 = icmp sgt i64 %x, 0
  br i1 %gt_2, label %bb1, label %bb2

bb1:                                              ; preds = %entry
  %gt_6 = icmp sgt i64 %y, 0
  br i1 %gt_6, label %bb3, label %bb4

bb2:                                              ; preds = %entry
  ret i64 3

bb3:                                              ; preds = %bb1
  ret i64 1

bb4:                                              ; preds = %bb1
  ret i64 2

bb5:                                              ; No predecessors!
  unreachable

bb6:                                              ; No predecessors!
  unreachable
}
